============================= test session starts =============================
platform win32 -- Python 3.13.5, pytest-9.0.2, pluggy-1.5.0
rootdir: C:\Users\kadar\OneDrive\Desktop\Winning Edge Solutions\Google Sheets Form
plugins: anyio-4.11.0, asyncio-1.3.0, base-url-2.1.0, playwright-0.7.2
asyncio: mode=Mode.STRICT, debug=False, asyncio_default_fixture_loop_scope=None, asyncio_default_test_loop_scope=function
collected 24 items

tests\test_api.py ...FF....                                              [ 37%]
tests\test_formatters.py FFF....                                         [ 66%]
tests\test_validators.py ........                                        [100%]

================================== FAILURES ===================================
__________________________ test_ingest_valid_payload __________________________

    def test_ingest_valid_payload():
        payload = get_tally_payload()
        secret = settings.tally_webhook_secret
    
        response = client.post("/ingest", json=payload, headers={"X-Tally-Secret": secret})
    
        # Missing WhatsApp config causes SKIPPED, but status should be 200
>       assert response.status_code == 200
E       assert 400 == 200
E        +  where 400 = <Response [400 Bad Request]>.status_code

tests\test_api.py:49: AssertionError
------------------------------ Captured log call ------------------------------
ERROR    app.integrations.openai_parser:openai_parser.py:20 OpenAI parsing called but disabled or missing API key.
ERROR    api:main.py:153 LLM Parsing Failed: OpenAI parsing is misconfigured.
WARNING  app.integrations.sheets:sheets.py:96 Sheets integration disabled. Skipping row append.
ERROR    api:main.py:211 Payload validation/parsing failed: ['OpenAI parsing is misconfigured.']
_________________ test_ingest_invalid_payload_missing_fields __________________

    def test_ingest_invalid_payload_missing_fields():
        payload = get_tally_payload()
        # Remove submitter name
        payload["data"]["fields"].pop(0)
    
        secret = settings.tally_webhook_secret
        response = client.post("/ingest", json=payload, headers={"X-Tally-Secret": secret})
    
        assert response.status_code == 400
        data = response.json()
        assert data["validation_status"] == "REJECTED"
        assert "rejection_reasons" in data
>       assert any("job_title" in reason for reason in data["rejection_reasons"])
E       assert False
E        +  where False = any(<generator object test_ingest_invalid_payload_missing_fields.<locals>.<genexpr> at 0x0000023EBF1135E0>)

tests\test_api.py:67: AssertionError
------------------------------ Captured log call ------------------------------
WARNING  app.integrations.sheets:sheets.py:96 Sheets integration disabled. Skipping row append.
ERROR    api:main.py:211 Payload validation/parsing failed: ['submitter_name: Field required']
___________________ test_format_output_contains_all_details ___________________

    def test_format_output_contains_all_details():
>       job = get_base_submission()
              ^^^^^^^^^^^^^^^^^^^^^

tests\test_formatters.py:22: 
_ _ _ _ _ _ _ _ _ _ _ _ _ _ _ _ _ _ _ _ _ _ _ _ _ _ _ _ _ _ _ _ _ _ _ _ _ _ _ _

    def get_base_submission() -> JobSubmission:
>       return JobSubmission(
            job_title="Senior Python Developer",
            job_description="We are looking for a Python dev. " * 50, # very long, > 400 chars
            application_link="https://example.com/apply",
            recruiter_name="Jane Doe",
            recruiter_email="jane@example.com",
            recruiter_phone="+12345678901",
            prime_vendor_name="Tech Solutions",
            prime_vendor_contact="vendor@example.com",
            location="Remote USA",
            job_type="C2C",
            rate="$80/hr"
        )
E       pydantic_core._pydantic_core.ValidationError: 2 validation errors for JobSubmission
E       submitter_name
E         Field required [type=missing, input_value={'job_title': 'Senior Pyt...'C2C', 'rate': '$80/hr'}, input_type=dict]
E           For further information visit https://errors.pydantic.dev/2.11/v/missing
E       job_description_long
E         Field required [type=missing, input_value={'job_title': 'Senior Pyt...'C2C', 'rate': '$80/hr'}, input_type=dict]
E           For further information visit https://errors.pydantic.dev/2.11/v/missing

tests\test_formatters.py:7: ValidationError
___________________ test_format_truncates_long_description ____________________

    def test_format_truncates_long_description():
>       job = get_base_submission()
              ^^^^^^^^^^^^^^^^^^^^^

tests\test_formatters.py:34: 
_ _ _ _ _ _ _ _ _ _ _ _ _ _ _ _ _ _ _ _ _ _ _ _ _ _ _ _ _ _ _ _ _ _ _ _ _ _ _ _

    def get_base_submission() -> JobSubmission:
>       return JobSubmission(
            job_title="Senior Python Developer",
            job_description="We are looking for a Python dev. " * 50, # very long, > 400 chars
            application_link="https://example.com/apply",
            recruiter_name="Jane Doe",
            recruiter_email="jane@example.com",
            recruiter_phone="+12345678901",
            prime_vendor_name="Tech Solutions",
            prime_vendor_contact="vendor@example.com",
            location="Remote USA",
            job_type="C2C",
            rate="$80/hr"
        )
E       pydantic_core._pydantic_core.ValidationError: 2 validation errors for JobSubmission
E       submitter_name
E         Field required [type=missing, input_value={'job_title': 'Senior Pyt...'C2C', 'rate': '$80/hr'}, input_type=dict]
E           For further information visit https://errors.pydantic.dev/2.11/v/missing
E       job_description_long
E         Field required [type=missing, input_value={'job_title': 'Senior Pyt...'C2C', 'rate': '$80/hr'}, input_type=dict]
E           For further information visit https://errors.pydantic.dev/2.11/v/missing

tests\test_formatters.py:7: ValidationError
_____________________ test_format_keeps_short_description _____________________

    def test_format_keeps_short_description():
>       job = get_base_submission()
              ^^^^^^^^^^^^^^^^^^^^^

tests\test_formatters.py:51: 
_ _ _ _ _ _ _ _ _ _ _ _ _ _ _ _ _ _ _ _ _ _ _ _ _ _ _ _ _ _ _ _ _ _ _ _ _ _ _ _

    def get_base_submission() -> JobSubmission:
>       return JobSubmission(
            job_title="Senior Python Developer",
            job_description="We are looking for a Python dev. " * 50, # very long, > 400 chars
            application_link="https://example.com/apply",
            recruiter_name="Jane Doe",
            recruiter_email="jane@example.com",
            recruiter_phone="+12345678901",
            prime_vendor_name="Tech Solutions",
            prime_vendor_contact="vendor@example.com",
            location="Remote USA",
            job_type="C2C",
            rate="$80/hr"
        )
E       pydantic_core._pydantic_core.ValidationError: 2 validation errors for JobSubmission
E       submitter_name
E         Field required [type=missing, input_value={'job_title': 'Senior Pyt...'C2C', 'rate': '$80/hr'}, input_type=dict]
E           For further information visit https://errors.pydantic.dev/2.11/v/missing
E       job_description_long
E         Field required [type=missing, input_value={'job_title': 'Senior Pyt...'C2C', 'rate': '$80/hr'}, input_type=dict]
E           For further information visit https://errors.pydantic.dev/2.11/v/missing

tests\test_formatters.py:7: ValidationError
============================== warnings summary ===============================
..\..\..\..\miniconda3\Lib\site-packages\httplib2\auth.py:19
  C:\Users\kadar\miniconda3\Lib\site-packages\httplib2\auth.py:19: DeprecationWarning: 'setName' deprecated - use 'set_name'
    token = pp.Word(tchar).setName("token")

..\..\..\..\miniconda3\Lib\site-packages\httplib2\auth.py:20
  C:\Users\kadar\miniconda3\Lib\site-packages\httplib2\auth.py:20: DeprecationWarning: 'leaveWhitespace' deprecated - use 'leave_whitespace'
    token68 = pp.Combine(pp.Word("-._~+/" + pp.nums + pp.alphas) + pp.Optional(pp.Word("=").leaveWhitespace())).setName(

..\..\..\..\miniconda3\Lib\site-packages\httplib2\auth.py:20
  C:\Users\kadar\miniconda3\Lib\site-packages\httplib2\auth.py:20: DeprecationWarning: 'setName' deprecated - use 'set_name'
    token68 = pp.Combine(pp.Word("-._~+/" + pp.nums + pp.alphas) + pp.Optional(pp.Word("=").leaveWhitespace())).setName(

..\..\..\..\miniconda3\Lib\site-packages\httplib2\auth.py:24
  C:\Users\kadar\miniconda3\Lib\site-packages\httplib2\auth.py:24: DeprecationWarning: 'setName' deprecated - use 'set_name'
    quoted_string = pp.dblQuotedString.copy().setName("quoted-string").setParseAction(unquote)

..\..\..\..\miniconda3\Lib\site-packages\httplib2\auth.py:24
  C:\Users\kadar\miniconda3\Lib\site-packages\httplib2\auth.py:24: DeprecationWarning: 'setParseAction' deprecated - use 'set_parse_action'
    quoted_string = pp.dblQuotedString.copy().setName("quoted-string").setParseAction(unquote)

..\..\..\..\miniconda3\Lib\site-packages\httplib2\auth.py:25
  C:\Users\kadar\miniconda3\Lib\site-packages\httplib2\auth.py:25: DeprecationWarning: 'setName' deprecated - use 'set_name'
    auth_param_name = token.copy().setName("auth-param-name").addParseAction(downcaseTokens)

..\..\..\..\miniconda3\Lib\site-packages\httplib2\auth.py:25
  C:\Users\kadar\miniconda3\Lib\site-packages\httplib2\auth.py:25: DeprecationWarning: 'addParseAction' deprecated - use 'add_parse_action'
    auth_param_name = token.copy().setName("auth-param-name").addParseAction(downcaseTokens)

..\..\..\..\miniconda3\Lib\site-packages\httplib2\auth.py:27
  C:\Users\kadar\miniconda3\Lib\site-packages\httplib2\auth.py:27: DeprecationWarning: 'delimitedList' deprecated - use 'DelimitedList'
    params = pp.Dict(pp.delimitedList(pp.Group(auth_param)))

..\..\..\..\miniconda3\Lib\site-packages\httplib2\auth.py:33
  C:\Users\kadar\miniconda3\Lib\site-packages\httplib2\auth.py:33: DeprecationWarning: 'delimitedList' deprecated - use 'DelimitedList'
    www_authenticate = pp.delimitedList(pp.Group(challenge))

-- Docs: https://docs.pytest.org/en/stable/how-to/capture-warnings.html
=========================== short test summary info ===========================
FAILED tests/test_api.py::test_ingest_valid_payload - assert 400 == 200
FAILED tests/test_api.py::test_ingest_invalid_payload_missing_fields - assert...
FAILED tests/test_formatters.py::test_format_output_contains_all_details - py...
FAILED tests/test_formatters.py::test_format_truncates_long_description - pyd...
FAILED tests/test_formatters.py::test_format_keeps_short_description - pydant...
================== 5 failed, 19 passed, 9 warnings in 3.65s ===================
