python : 2026-03-12 
12:33:36,215 [INFO] api - 
[AUTH SUCCESS] Header 
matched expected secret 
(tly-****)
At line:1 char:1
+ python 
test_ingest_direct.py > 
test_output.txt 2>&1
+ ~~~~~~~~~~~~~~~~~~~~~~~~~
~~~~~~~~~~~~~~~~~~~~~~~~~~
    + CategoryInfo         
     : NotSpecified: (202  
  6-03-12 12:3...cret (t   
 ly-****):String) [], R    
emoteException
    + FullyQualifiedErrorI 
   d : NativeCommandError
 
2026-03-12 12:33:36,215 
[INFO] api - Received 
submission 3a7ec4ad-34d9-4a
49-a6a2-1244fbd9c218
2026-03-12 12:33:36,215 
[INFO] api - [DEBUG 
MAPPING] Seen Labels: 
['submitter name', 'force 
send even if missing', 
'job description']
2026-03-12 12:33:36,215 
[INFO] api - [DEBUG 
MAPPING] Mapped Keys: 
['submitter_name', 'force_s
end_even_if_missing', 
'job_description_long']
2026-03-12 12:33:36,220 
[INFO] 
app.integrations.sheets - 
[DEBUG SHEETS] Using 
append range: 
'Submissions'!A1:K1
2026-03-12 12:33:36,447 
[INFO] 
app.integrations.sheets - 
Appended 11 cells to 
Sheets tab 'Submissions'.
2026-03-12 12:33:36,448 
[INFO] api - [VERIFY] 
Google Sheets Append 
Result: SUCCESS
2026-03-12 12:33:36,448 
[ERROR] api - Payload 
validation/parsing failed: 
['Duplicate job submission 
detected (same submitter 
and description snippet).']
--- Starting Local Ingest Verification ---
Calling ingest_job with secret: tly-****
Status Code: 400
Response Body: {"submission_id":"3a7ec4ad-34d9-4a49-a6a2-1244fbd9c218","validation_status":"REJECTED","debug":{"seen_labels":["submitter name","force send even if missing","job description"],"mapped_keys":["submitter_name","force_send_even_if_missing","job_description_long"]},"rejection_reasons":["Duplicate job submission detected (same submitter and description snippet)."]}
Traceback (most recent 
call last):
  File "C:\Users\kadar\OneD
rive\Desktop\Winning Edge 
Solutions\Google Sheets For
m\test_ingest_direct.py", 
line 43, in 
test_ingest_logic
    print(f"\n\u274c 
Ingest Failed with status 
{response.status_code}")
    ~~~~~^^^^^^^^^^^^^^^^^^
^^^^^^^^^^^^^^^^^^^^^^^^^^^
^^^^^^^^^^^^^
  File "C:\Users\kadar\mini
conda3\Lib\encodings\cp1252
.py", line 19, in encode
    return codecs.charmap_e
ncode(input,self.errors,enc
oding_table)[0]
           ~~~~~~~~~~~~~~~~
~~~~~^^^^^^^^^^^^^^^^^^^^^^
^^^^^^^^^^^^
UnicodeEncodeError: 
'charmap' codec can't 
encode character '\u274c' 
in position 2: character 
maps to <undefined>

During handling of the 
above exception, another 
exception occurred:

Traceback (most recent 
call last):
  File "C:\Users\kadar\OneD
rive\Desktop\Winning Edge 
Solutions\Google Sheets For
m\test_ingest_direct.py", 
line 49, in <module>
    asyncio.run(test_ingest
_logic())
    ~~~~~~~~~~~^^^^^^^^^^^^
^^^^^^^^^
  File "C:\Users\kadar\mini
conda3\Lib\asyncio\runners.
py", line 195, in run
    return runner.run(main)
           ~~~~~~~~~~^^^^^^
  File "C:\Users\kadar\mini
conda3\Lib\asyncio\runners.
py", line 118, in run
    return self._loop.run_u
ntil_complete(task)
           ~~~~~~~~~~~~~~~~
~~~~~~~~~~~~~^^^^^^
  File "C:\Users\kadar\mini
conda3\Lib\asyncio\base_eve
nts.py", line 725, in 
run_until_complete
    return future.result()
           ~~~~~~~~~~~~~^^
  File "C:\Users\kadar\OneD
rive\Desktop\Winning Edge 
Solutions\Google Sheets For
m\test_ingest_direct.py", 
line 46, in 
test_ingest_logic
    print(f"\n\u274c 
Execution Error: {e}")
    ~~~~~^^^^^^^^^^^^^^^^^^
^^^^^^^^^^^^
  File "C:\Users\kadar\mini
conda3\Lib\encodings\cp1252
.py", line 19, in encode
    return codecs.charmap_e
ncode(input,self.errors,enc
oding_table)[0]
           ~~~~~~~~~~~~~~~~
~~~~~^^^^^^^^^^^^^^^^^^^^^^
^^^^^^^^^^^^
UnicodeEncodeError: 
'charmap' codec can't 
encode character '\u274c' 
in position 2: character 
maps to <undefined>
